Command: C:\Users\bogda\.espressif\python_env\idf5.5_py3.13_env\Scripts\python.exe C:/esp/esp-idf\tools/idf_monitor.py -p COM7 -b 115200 --toolchain-prefix xtensa-esp32-elf- --target esp32 --revision 0 C:\Users\bogda\POK\Curiosity_rebirth\esp_camera\build\esp_camera.elf C:\Users\bogda\POK\Curiosity_rebirth\esp_camera\build\bootloader\bootloader.elf --force-color -m 'C:\Users\bogda\.espressif\python_env\idf5.5_py3.13_env\Scripts\python.exe' 'C:/esp/esp-idf\tools\idf.py' '-p' 'COM7'
ets JulÔøΩets Jul 29 2019 12:21:46

rst:0x1 (POWERON_RESET),boot:0x1b (SPI_FAST_FLASH_BOOT)
configsip: 0, SPIWP:0xee
clk_drv:0x00,q_drv:0x00,d_drv:0x00,cs0_drv:0x00,hd_drv:0x00,wp_drv:0x00
mode:DIO, clock div:2
load:0x3fff0030,len:6380
ho 0 tail 12 room 4
load:0x40078000,len:15916
load:0x40080400,len:3860
entry 0x40080638
[0;32mI (29) boot: ESP-IDF v5.5 2nd stage bootloader[0m
[0;32mI (29) boot: compile time Nov 19 2025 19:40:33[0m
[0;32mI (29) boot: Multicore bootloader[0m
[0;32mI (30) boot: chip revision: v3.1[0m
[0;32mI (33) boot.esp32: SPI Speed      : 40MHz[0m
[0;32mI (37) boot.esp32: SPI Mode       : DIO[0m
[0;32mI (40) boot.esp32: SPI Flash Size : 2MB[0m
[0;32mI (44) boot: Enabling RNG early entropy source...[0m
[0;32mI (49) boot: Partition Table:[0m
[0;32mI (51) boot: ## Label            Usage          Type ST Offset   Length[0m
[0;32mI (57) boot:  0 nvs              WiFi data        01 02 00009000 00004000[0m
[0;32mI (64) boot:  1 phy_init         RF data          01 01 0000d000 00001000[0m
[0;32mI (71) boot:  2 otadata          OTA data         01 00 0000e000 00002000[0m
[0;32mI (77) boot:  3 factory          factory app      00 00 00010000 001f0000[0m
[0;32mI (84) boot: End of partition table[0m
[0;32mI (87) boot: Defaulting to factory image[0m
[0;32mI (91) esp_image: segment 0: paddr=00010020 vaddr=3f400020 size=25898h (153752) map[0m
[0;32mI (151) esp_image: segment 1: paddr=000358c0 vaddr=3ff80000 size=00020h (    32) load[0m
[0;32mI (151) esp_image: segment 2: paddr=000358e8 vaddr=3ffb0000 size=067c0h ( 26560) load[0m
[0;32mI (164) esp_image: segment 3: paddr=0003c0b0 vaddr=40080000 size=03f68h ( 16232) load[0m
[0;32mI (171) esp_image: segment 4: paddr=00040020 vaddr=400d0020 size=a5e74h (679540) map[0m
[0;32mI (403) esp_image: segment 5: paddr=000e5e9c vaddr=40083f68 size=18af8h (101112) load[0m
[0;32mI (457) boot: Loaded app from partition at offset 0x10000[0m
[0;32mI (457) boot: Disabling RNG early entropy source...[0m
[0;32mI (468) quad_psram: This chip is ESP32-D0WD[0m
[0;32mI (469) esp_psram: Found 8MB PSRAM device[0m
[0;32mI (469) esp_psram: Speed: 40MHz[0m
[0;32mI (469) esp_psram: PSRAM initialized, cache is in low/high (2-core) mode.[0m
[0;33mW (475) esp_psram: Virtual address not enough for PSRAM, map as much as we can. 4MB is mapped[0m
[0;32mI (483) cpu_start: Multicore app[0m
[0;32mI (1392) esp_psram: SPI SRAM memory test OK[0m
[0;32mI (1400) cpu_start: Pro cpu start user code[0m
[0;32mI (1400) cpu_start: cpu freq: 160000000 Hz[0m
[0;32mI (1400) app_init: Application information:[0m
[0;32mI (1400) app_init: Project name:     esp_camera[0m
[0;32mI (1404) app_init: App version:      9053880-dirty[0m
[0;32mI (1409) app_init: Compile time:     Nov 29 2025 23:49:17[0m
[0;32mI (1414) app_init: ELF file SHA256:  eb0b10b85...[0m
[0;32mI (1418) app_init: ESP-IDF:          v5.5[0m
[0;32mI (1422) efuse_init: Min chip rev:     v0.0[0m
[0;32mI (1426) efuse_init: Max chip rev:     v3.99 [0m
[0;32mI (1430) efuse_init: Chip rev:         v3.1[0m
[0;32mI (1434) heap_init: Initializing. RAM available for dynamic allocation:[0m
[0;32mI (1440) heap_init: At 3FFAE6E0 len 00001920 (6 KiB): DRAM[0m
[0;32mI (1445) heap_init: At 3FFBB368 len 00024C98 (147 KiB): DRAM[0m
[0;32mI (1451) heap_init: At 3FFE0440 len 00003AE0 (14 KiB): D/IRAM[0m
[0;32mI (1456) heap_init: At 3FFE4350 len 0001BCB0 (111 KiB): D/IRAM[0m
[0;32mI (1462) heap_init: At 4009CA60 len 000035A0 (13 KiB): IRAM[0m
[0;32mI (1468) esp_psram: Adding pool of 4096K of PSRAM memory to heap allocator[0m
[0;32mI (1475) spi_flash: detected chip: generic[0m
[0;32mI (1478) spi_flash: flash io: dio[0m
[0;33mW (1481) spi_flash: Detected size(4096k) larger than the size in the binary image header(2048k). Using the size in the binary image header.[0m
[0;32mI (1494) main_task: Started on CPU0[0m
[0;32mI (1504) esp_psram: Reserving pool of 32K of internal memory for DMA/internal allocations[0m
[0;32mI (1504) main_task: Calling app_main()[0m
[0;32mI (1534) CAMERA_TEST: === Mars Rover Camera System ===[0m
[0;32mI (1544) wifi:wifi driver task: 3ffc3304, prio:23, stack:6656, core=0[0m
[0;32mI (1554) wifi:wifi firmware version: f3dbad7[0m
[0;32mI (1554) wifi:wifi certification version: v7.0[0m
[0;32mI (1554) wifi:config NVS flash: enabled[0m
[0;32mI (1554) wifi:config nano formatting: disabled[0m
[0;32mI (1554) wifi:Init data frame dynamic rx buffer num: 32[0m
[0;32mI (1564) wifi:Init static rx mgmt buffer num: 5[0m
[0;32mI (1564) wifi:Init management short buffer num: 32[0m
[0;32mI (1574) wifi:Init dynamic tx buffer num: 32[0m
[0;32mI (1574) wifi:Init static rx buffer size: 1600[0m
[0;32mI (1574) wifi:Init static rx buffer num: 10[0m
[0;32mI (1584) wifi:Init dynamic rx buffer num: 32[0m
[0;32mI (1584) wifi_init: rx ba win: 6[0m
[0;32mI (1584) wifi_init: accept mbox: 6[0m
[0;32mI (1594) wifi_init: tcpip mbox: 32[0m
[0;32mI (1594) wifi_init: udp mbox: 6[0m
[0;32mI (1594) wifi_init: tcp mbox: 6[0m
[0;32mI (1604) wifi_init: tcp tx win: 5760[0m
[0;32mI (1604) wifi_init: tcp rx win: 5760[0m
[0;32mI (1604) wifi_init: tcp mss: 1440[0m
[0;32mI (1614) wifi_init: WiFi IRAM OP enabled[0m
[0;32mI (1614) wifi_init: WiFi RX IRAM OP enabled[0m
[0;32mI (1624) phy_init: phy_version 4860,6b7a6e5,Feb  6 2025,14:47:07[0m
[0;32mI (1694) phy_init: Saving new calibration data due to checksum failure or outdated calibration data, mode(0)[0m
[0;32mI (1774) wifi:mode : softAP (c8:2e:18:90:a6:e1)[0m
[0;32mI (1774) wifi:Total power save buffer number: 16[0m
[0;32mI (1774) wifi:Init max length of beacon: 752/752[0m
[0;32mI (1774) wifi:Init max length of beacon: 752/752[0m
[0;32mI (1784) CAMERA_TEST: üì° WiFi AP started[0m
[0;32mI (1784) esp_netif_lwip: DHCP server started on interface WIFI_AP_DEF with IP: 192.168.4.1[0m
[0;32mI (1794) CAMERA_TEST:    SSID: ESP32_CAM_AP[0m
[0;32mI (1794) CAMERA_TEST:    Password: 12345678[0m
[0;32mI (1804) CAMERA_TEST:    IP: 192.168.4.1[0m
[0;32mI (1804) cam_hal: cam init ok[0m
[0;32mI (1804) sccb-ng: pin_sda 26 pin_scl 27[0m
[0;32mI (1814) sccb-ng: sccb_i2c_port=1[0m
[0;32mI (1824) camera: Camera PID=0x26 VER=0x42 MIDL=0x7f MIDH=0xa2[0m
[0;32mI (1824) camera: Detected OV2640 camera[0m
[0;32mI (1824) camera: Detected camera at address=0x30[0m
[0;32mI (1904) cam_hal: PSRAM DMA mode disabled[0m
[0;32mI (1904) cam_hal: buffer_size: 32768, half_buffer_size: 4096, node_buffer_size: 2048, node_cnt: 16, total_cnt: 23[0m
[0;32mI (1904) cam_hal: Allocating 96000 Byte frame buffer in PSRAM[0m
[0;32mI (1914) cam_hal: Allocating 96000 Byte frame buffer in PSRAM[0m
[0;32mI (1914) cam_hal: cam config ok[0m
[0;32mI (1914) ov2640: Set PLL: clk_2x: 0, clk_div: 0, pclk_auto: 0, pclk_div: 8[0m
[0;32mI (2024) CAMERA_SERVER: ‚úÖ Camera initialized successfully[0m
[0;32mI (2024) CAMERA_TEST: ‚úÖ Camera initialized successfully[0m
[0;32mI (2024) CAMERA_SERVER: Starting web server...[0m
[0;32mI (2024) CAMERA_SERVER: ‚úÖ Web server started on port 80[0m
[0;32mI (2034) CAMERA_TEST: ‚úÖ Web server started[0m
[0;32mI (2034) CAMERA_TEST: [0m
[0;32mI (2034) CAMERA_TEST: üåê Connect to: http://192.168.4.1/[0m
[0;32mI (2044) CAMERA_TEST: [0m
[0;32mI (2044) CAMERA_SERVER: üé• Video streaming STARTED[0m
[0;32mI (7044) CAMERA_TEST: [1] Status: Streaming active | Streaming: ON[0m
[0;32mI (12044) CAMERA_TEST: [2] Status: Streaming active | Streaming: ON[0m
[0;32mI (16764) wifi:new:<1,1>, old:<1,1>, ap:<1,1>, sta:<255,255>, prof:1, snd_ch_cfg:0x0[0m
[0;32mI (16764) wifi:station: 30:c9:ab:8b:a0:7d join, AID=1, bgn, 40U[0m
[0;32mI (17044) CAMERA_TEST: [3] Status: Streaming active | Streaming: ON[0m
[0;32mI (17474) esp_netif_lwip: DHCP server assigned IP to a client, IP is: 192.168.4.2[0m
[0;32mI (20104) CAMERA_SERVER: üìπ Stream client connected[0m
[0;32mI (20344) wifi:<ba-add>idx:2 (ifx:1, 30:c9:ab:8b:a0:7d), tid:0, ssn:209, winSize:64[0m
[0;32mI (22044) CAMERA_TEST: [4] Status: Streaming active | Streaming: ON[0m
[0;32mI (24104) wifi:<ba-del>idx:2, tid:0[0m
[0;32mI (24104) wifi:<ba-add>idx:2 (ifx:1, 30:c9:ab:8b:a0:7d), tid:0, ssn:362, winSize:64[0m
[0;32mI (27044) CAMERA_TEST: [5] Status: Streaming active | Streaming: ON[0m
[0;32mI (32044) CAMERA_TEST: [6] Status: Streaming active | Streaming: ON[0m
[0;32mI (37044) CAMERA_TEST: [7] Status: Streaming active | Streaming: ON[0m
[0;32mI (42044) CAMERA_TEST: [8] Status: Streaming active | Streaming: ON[0m
[0;32mI (47044) CAMERA_TEST: [9] Status: Streaming active | Streaming: ON[0m
[0;32mI (52044) CAMERA_TEST: [10] Status: Streaming active | Streaming: ON[0m
[0;32mI (57044) CAMERA_TEST: [11] Status: Streaming active | Streaming: ON[0m
[0;33mW (60244) httpd_txrx: httpd_sock_err: error in send : 104[0m
[0;33mW (60244) httpd_txrx: httpd_sock_err: error in send : 104[0m
[0;32mI (60244) CAMERA_SERVER: üî¥ Stream client disconnected[0m
[0;33mW (60254) httpd_txrx: httpd_sock_err: error in recv : 104[0m
[0;33mW (60254) httpd_uri: httpd_uri: URI '/favicon.ico' not found[0m
[0;33mW (60264) httpd_txrx: httpd_resp_send_err: 404 Not Found - Nothing matches the given URI[0m
[0;32mI (60284) CAMERA_SERVER: üî¥ STOP requested[0m
[0;32mI (60284) CAMERA_SERVER: üõë Video streaming STOPPED[0m
[0;33mW (60304) httpd_txrx: httpd_sock_err: error in recv : 104[0m
[0;32mI (62044) CAMERA_TEST: [12] Status: Camera ready | Streaming: OFF[0m
[0;32mI (67044) CAMERA_TEST: [13] Status: Camera ready | Streaming: OFF[0m
[0;32mI (72044) CAMERA_TEST: [14] Status: Camera ready | Streaming: OFF[0m
[0;32mI (77044) CAMERA_TEST: [15] Status: Camera ready | Streaming: OFF[0m
[0;32mI (82044) CAMERA_TEST: [16] Status: Camera ready | Streaming: OFF[0m
[0;32mI (87044) CAMERA_TEST: [17] Status: Camera ready | Streaming: OFF[0m
[0;32mI (92044) CAMERA_TEST: [18] Status: Camera ready | Streaming: OFF[0m
[0;32mI (97044) CAMERA_TEST: [19] Status: Camera ready | Streaming: OFF[0m
[0;32mI (102044) CAMERA_TEST: [20] Status: Camera ready | Streaming: OFF[0m
